Microchip MPLAB XC8 Compiler V2.32

Linker command line:

-W-3 --edf=C:\Program Files\Microchip\xc8\v2.32\pic\dat\en_msgs.txt -cn \
  -h+dist/default/production\ADQ-BT-v1.2.X.production.sym \
  --cmf=dist/default/production\ADQ-BT-v1.2.X.production.cmf -z -Q18F25K80 \
  -oC:\Users\nahue\AppData\Local\Temp\xcAscdk.4 --defsym=__MPLAB_BUILD=1 \
  -Mdist/default/production/ADQ-BT-v1.2.X.production.map -E1 \
  -ver=XC8 Compiler --acfsm=1493 -ASTACK=01FCh-0E40h -pstack=STACK \
  -ACODE=00h-07FFFh -ACONST=00h-07FFFh -ASMALLCONST=0F00h-0FFFhx113 \
  -AMEDIUMCONST=0F00h-07FFFh -ACOMRAM=01h-05Fh -AABS1=00h-0E40h \
  -ABIGRAM=01h-0E40h -ARAM=060h-0FFh,0100h-01FFhx13,0E00h-0E40h \
  -ABANK0=060h-0FFh -ABANK1=0100h-01FFh -ABANK2=0200h-02FFh \
  -ABANK3=0300h-03FFh -ABANK4=0400h-04FFh -ABANK5=0500h-05FFh \
  -ABANK6=0600h-06FFh -ABANK7=0700h-07FFh -ABANK8=0800h-08FFh \
  -ABANK9=0900h-09FFh -ABANK10=0A00h-0AFFh -ABANK11=0B00h-0BFFh \
  -ABANK12=0C00h-0CFFh -ABANK13=0D00h-0DFFh -ABANK14=0E00h-0E40h \
  -ASFR=0E41h-0EFFh,0F00h-0F5Fh,0F60h-0FFFh -ACONFIG=0300000h-030000Dh \
  -AIDLOC=0200000h-0200007h -AEEDATA=0F00000h-0F003FFh -peeprom_data=EEDATA \
  -preset_vec=00h,intcode=08h,intcodelo,powerup,init -pramtop=0F00h \
  -psmallconst=SMALLCONST -pmediumconst=MEDIUMCONST -pconst=CONST \
  -AFARRAM=00h-00h \
  -prdata=COMRAM,nvrram=COMRAM,nvbit=COMRAM,rbss=COMRAM,rbit=COMRAM \
  -pfarbss=FARRAM,fardata=FARRAM,nvFARRAM=FARRAM \
  -pintsave_regs=BIGRAM,bigbss=BIGRAM,bigdata=BIGRAM -pbss=RAM \
  -pidata=CODE,irdata=CODE,ibigdata=CODE,ifardata=CODE -prparam=COMRAM \
  C:\Users\nahue\AppData\Local\Temp\xcAscdk.o \
  dist/default/production\ADQ-BT-v1.2.X.production.o 

Object code version is 3.11

Machine type is 18F25K80



                Name                               Link     Load   Length Selector   Space Scale
C:\Users\nahue\AppData\Local\Temp\xcAscdk.o
                idloc                            200000   200000        8        0       5
                config                           300000   300000        E        0       4
                init                                 A4       A4        4        4       0
                reset_vec                             0        0        4        0       0
dist/default/production\ADQ-BT-v1.2.X.production.o
                intcode                               8        8       9C        4       0
                idloc                            200000   200000        8        0       5
                config                           300000   300000        E        0       4
                temp                                 3C       3C        1        1       1
                smallconst                          F00      F00       A0      780       0
                text69                             5998     5998       3E      7D0       0
                text68                             5D06     5D06        2      7D0       0
                text67                             5BEC     5BEC       26      7D0       0
                text66                             5CE6     5CE6        8      7D0       0
                text65                             5CDE     5CDE        8      7D0       0
                text64                             5CA0     5CA0        C      7D0       0
                text63                             5A4A     5A4A       38      7D0       0
                text62                             595A     595A       3E      7D0       0
                text61                             5CD6     5CD6        8      7D0       0
                text60                             579E     579E       60      7D0       0
                text59                             2E4C     2E4C      4C0      7D0       0
                text58                             3738     3738      42A      7D0       0
                text57                             46F8     46F8      1B4      7D0       0
                text56                             226A     226A      720      7D0       0
                text55                             5BC4     5BC4       28      7D0       0
                text54                             5AB8     5AB8       36      7D0       0
                text52                             4FC4     4FC4      132      7D0       0
                text51                             58D8     58D8       42      7D0       0
                text50                             5B9C     5B9C       28      7D0       0
                text49                             5CCE     5CCE        8      7D0       0
                text48                             5CC6     5CC6        8      7D0       0
                text47                             5C92     5C92        E      7D0       0
                text46                             591A     591A       40      7D0       0
                text45                             5894     5894       44      7D0       0
                text44                             5CBE     5CBE        8      7D0       0
                text43                             56CE     56CE       6A      7D0       0
                text42                             5C58     5C58       16      7D0       0
                text41                             5CB6     5CB6        8      7D0       0
                text40                             5D02     5D02        4      7D0       0
                text39                             5CF4     5CF4        6      7D0       0
                text38                             4A56     4A56      16E      7D0       0
                text37                             5CFE     5CFE        4      7D0       0
                text36                             5CEE     5CEE        6      7D0       0
                text35                             5B74     5B74       28      7D0       0
                text34                             4BC4     4BC4      15A      7D0       0
                text33                             547C     547C       AC      7D0       0
                text32                             51FE     51FE      106      7D0       0
                text31                             5A10     5A10       3A      7D0       0
                text30                             298A     298A      4C2      7D0       0
                text29                             584C     584C       48      7D0       0
                text28                             50F6     50F6      108      7D0       0
                text27                             5528     5528       A6      7D0       0
                text26                             55CE     55CE       8A      7D0       0
                text25                             4540     4540      1B8      7D0       0
                text24                             4E76     4E76      14E      7D0       0
                text23                             4D1E     4D1E      158      7D0       0
                text22                             330C     330C      42C      7D0       0
                text21                             5658     5658       76      7D0       0
                text20                             5738     5738       66      7D0       0
                text19                             428A     428A      2B6      7D0       0
                text18                             5A82     5A82       36      7D0       0
                text17                             5304     5304       C6      7D0       0
                text16                             53CA     53CA       B2      7D0       0
                text15                             3B62     3B62      428      7D0       0
                text14                              FA0      FA0      A98      7D0       0
                text13                             48AC     48AC      1AA      7D0       0
                text12                             5C80     5C80       12      7D0       0
                text11                             1A38     1A38      832      7D0       0
                text10                             5C2A     5C2A       18      7D0       0
                text9                              57FE     57FE       4E      7D0       0
                text8                              3F8A     3F8A      300      7D0       0
                text7                              5B4C     5B4C       28      7D0       0
                text6                              5CFA     5CFA        4      7D0       0
                text5                              5C6E     5C6E       12      7D0       0
                text4                              5B22     5B22       2A      7D0       0
                text3                              5CAC     5CAC        A      7D0       0
                text2                              59D6     59D6       3A      7D0       0
                text1                              5C42     5C42       16      7D0       0
                text0                              5C12     5C12       18      7D0       0
                cstackCOMRAM                          1        1       34        1       1
                cstackBANK0                          60       60       7D       60       1
                bssBIGRAM                            FA       FA      102       FA       1
                bssBANK0                             DD       DD       1D       60       1
                bssCOMRAM                            39       39        3        1       1
                cinit                              5AEE     5AEE       34      7D0       0
                nvCOMRAM                             35       35        4        1       1

TOTAL           Name                               Link     Load   Length     Space
        CLASS   STACK          

        CLASS   CODE           
                intcode                               8        8       9C         0
                init                                 A4       A4        4         0
                reset_vec                             0        0        4         0
                text69                             5998     5998       3E         0
                text68                             5D06     5D06        2         0
                text67                             5BEC     5BEC       26         0
                text66                             5CE6     5CE6        8         0
                text65                             5CDE     5CDE        8         0
                text64                             5CA0     5CA0        C         0
                text63                             5A4A     5A4A       38         0
                text62                             595A     595A       3E         0
                text61                             5CD6     5CD6        8         0
                text60                             579E     579E       60         0
                text59                             2E4C     2E4C      4C0         0
                text58                             3738     3738      42A         0
                text57                             46F8     46F8      1B4         0
                text56                             226A     226A      720         0
                text55                             5BC4     5BC4       28         0
                text54                             5AB8     5AB8       36         0
                text52                             4FC4     4FC4      132         0
                text51                             58D8     58D8       42         0
                text50                             5B9C     5B9C       28         0
                text49                             5CCE     5CCE        8         0
                text48                             5CC6     5CC6        8         0
                text47                             5C92     5C92        E         0
                text46                             591A     591A       40         0
                text45                             5894     5894       44         0
                text44                             5CBE     5CBE        8         0
                text43                             56CE     56CE       6A         0
                text42                             5C58     5C58       16         0
                text41                             5CB6     5CB6        8         0
                text40                             5D02     5D02        4         0
                text39                             5CF4     5CF4        6         0
                text38                             4A56     4A56      16E         0
                text37                             5CFE     5CFE        4         0
                text36                             5CEE     5CEE        6         0
                text35                             5B74     5B74       28         0
                text34                             4BC4     4BC4      15A         0
                text33                             547C     547C       AC         0
                text32                             51FE     51FE      106         0
                text31                             5A10     5A10       3A         0
                text30                             298A     298A      4C2         0
                text29                             584C     584C       48         0
                text28                             50F6     50F6      108         0
                text27                             5528     5528       A6         0
                text26                             55CE     55CE       8A         0
                text25                             4540     4540      1B8         0
                text24                             4E76     4E76      14E         0
                text23                             4D1E     4D1E      158         0
                text22                             330C     330C      42C         0
                text21                             5658     5658       76         0
                text20                             5738     5738       66         0
                text19                             428A     428A      2B6         0
                text18                             5A82     5A82       36         0
                text17                             5304     5304       C6         0
                text16                             53CA     53CA       B2         0
                text15                             3B62     3B62      428         0
                text14                              FA0      FA0      A98         0
                text13                             48AC     48AC      1AA         0
                text12                             5C80     5C80       12         0
                text11                             1A38     1A38      832         0
                text10                             5C2A     5C2A       18         0
                text9                              57FE     57FE       4E         0
                text8                              3F8A     3F8A      300         0
                text7                              5B4C     5B4C       28         0
                text6                              5CFA     5CFA        4         0
                text5                              5C6E     5C6E       12         0
                text4                              5B22     5B22       2A         0
                text3                              5CAC     5CAC        A         0
                text2                              59D6     59D6       3A         0
                text1                              5C42     5C42       16         0
                text0                              5C12     5C12       18         0
                cinit                              5AEE     5AEE       34         0

        CLASS   CONST          

        CLASS   SMALLCONST     
                smallconst                          F00      F00       A0         0

        CLASS   MEDIUMCONST    

        CLASS   COMRAM         
                temp                                 3C       3C        1         1
                cstackCOMRAM                          1        1       34         1
                bssCOMRAM                            39       39        3         1
                nvCOMRAM                             35       35        4         1

        CLASS   ABS1           

        CLASS   BIGRAM         
                bssBIGRAM                            FA       FA      102         1

        CLASS   RAM            

        CLASS   BANK0          
                cstackBANK0                          60       60       7D         1
                bssBANK0                             DD       DD       1D         1

        CLASS   BANK1          

        CLASS   BANK2          

        CLASS   BANK3          

        CLASS   BANK4          

        CLASS   BANK5          

        CLASS   BANK6          

        CLASS   BANK7          

        CLASS   BANK8          

        CLASS   BANK9          

        CLASS   BANK10         

        CLASS   BANK11         

        CLASS   BANK12         

        CLASS   BANK13         

        CLASS   BANK14         

        CLASS   SFR            

        CLASS   CONFIG         
                config                           300000   300000        E         4

        CLASS   IDLOC          
                idloc                            200000   200000        8         5

        CLASS   EEDATA         

        CLASS   FARRAM         



SEGMENTS        Name                           Load    Length   Top    Selector   Space  Class

                reset_vec                      000000  000004  000004         0       0  CODE    
                cstackCOMRAM                   000001  00003C  00003D         1       1  COMRAM  
                intcode                        000008  0000A0  0000A8         4       0  CODE    
                cstackBANK0                    000060  00009A  0000FA        60       1  BANK0   
                bssBIGRAM                      0000FA  000102  0001FC        FA       1  BIGRAM  
                smallconst                     000F00  0000A0  000FA0       780       0  SMALLCON
                text14                         000FA0  004D68  005D08       7D0       0  CODE    


UNUSED ADDRESS RANGES

        Name                Unused          Largest block    Delta
        BANK1            0001FC-0001FF                4
        BANK10           000A00-000AFF              100
        BANK11           000B00-000BFF              100
        BANK12           000C00-000CFF              100
        BANK13           000D00-000DFF              100
        BANK14           000E00-000E40               41
        BANK2            000200-0002FF              100
        BANK3            000300-0003FF              100
        BANK4            000400-0004FF              100
        BANK5            000500-0005FF              100
        BANK6            000600-0006FF              100
        BANK7            000700-0007FF              100
        BANK8            000800-0008FF              100
        BANK9            000900-0009FF              100
        BIGRAM           00003D-00005F               23
                         0001FC-000E40              C45
        CODE             000004-000007                4
                         0000A8-000EFF              E58
                         005D08-007FFF             22F8
        COMRAM           00003D-00005F               23
        CONST            000004-000007                4
                         0000A8-000EFF              E58
                         005D08-007FFF             22F8
        EEDATA           F00000-F003FF              400
        MEDIUMCONST      005D08-007FFF             22F8
        RAM              0001FC-000E40              100
        SFR              000E41-000FFF               BF
        SMALLCONST       005D08-007FFF              100
        STACK            0001FC-000E40              C45

                                  Symbol Table

?_ADS1115_read                                          cstackBANK0  000064
?___awdiv                                               cstackBANK0  000066
?___awmod                                               cstackBANK0  000060
?___fladd                                               cstackBANK0  000094
?___flmul                                               cstackBANK0  00006E
?___flneg                                               cstackBANK0  000060
?___flsub                                               cstackBANK0  0000A4
?___fltol                                               cstackBANK0  000090
?___lldiv                                               cstackBANK0  000060
?___llmod                                               cstackBANK0  00006D
?___lwdiv                                               cstackBANK0  000065
?___lwmod                                               cstackBANK0  000060
?___wmul                                                cstackBANK0  000060
?___xxtofl                                              cstackBANK0  000060
?__div_to_l_                                            cstackBANK0  000060
?__tdiv_to_l_                                           cstackBANK0  000060
?_fround                                                cstackBANK0  000087
?_scale                                                 cstackBANK0  000087
?_sprintf                                               cstackBANK0  0000AC
?i2_ADS1115_read                                        cstackCOMRAM 000005
?i2___fladd                                             cstackCOMRAM 000001
?i2___flmul                                             cstackCOMRAM 00000F
?i2___xxtofl                                            cstackCOMRAM 000001
ADS1115_config@address                                  cstackBANK0  000063
ADS1115_config@channel                                  cstackBANK0  000062
ADS1115_read@address                                    cstackBANK0  00006C
ADS1115_read@data                                       cstackBANK0  000068
ADS1115_read@datah                                      cstackBANK0  00006A
ADS1115_read@datal                                      cstackBANK0  00006B
EUSART1_Read@readValue                                  cstackBANK0  000060
EUSART1_Write@txData                                    cstackBANK0  000060
I2C_Master_Read@a                                       cstackBANK0  000062
I2C_Master_Read@temp                                    cstackBANK0  000063
I2C_Master_Write@d                                      cstackBANK0  000061
INSTRUMENT_Initialize@i                                 cstackBANK0  00006D
INSTRUMENT_Reset@i                                      cstackBANK0  000068
INSTRUMENT_Reset@i_1118                                 cstackBANK0  000066
INSTRUMENT_concatenateData@i                            cstackBANK0  0000DB
INSTRUMENT_configurationADQ@adq_address                 cstackBANK0  000065
INSTRUMENT_configurationADQ@channel                     cstackBANK0  000064
INSTRUMENT_processBluetoothDataReceived@datareceived    cstackBANK0  000060
INSTRUMENT_processBluetoothDataReceived@futureMeasuring cstackBANK0  000061
INSTRUMENT_processBluetoothDataReceived@i               cstackBANK0  000062
INSTRUMENT_sendData@data                                cstackBANK0  000061
INSTRUMENT_sendData@i                                   cstackBANK0  000067
INSTRUMENT_sendData@lenght                              cstackBANK0  000063
TMR1_CallBack@i                                         cstackCOMRAM 00002C
TMR1_ISR@CountCallBack                                  bssCOMRAM    000039
TMR1_SetInterruptHandler@InterruptHandler               cstackBANK0  000060
TMR1_WriteTimer@timerVal                                cstackCOMRAM 000001
_ADS1115_config                                         text46       00591A
_ADS1115_read                                           text43       0056CE
_ANCON0                                                 (abs)        000F5D
_ANCON1                                                 (abs)        000F5C
_BAUDCON1                                               (abs)        000FA7
_Data                                                   bssBIGRAM    0000FA
_EUSART1_Initialize                                     text7        005B4C
_EUSART1_Read                                           text51       0058D8
_EUSART1_Receive_ISR                                    text69       005998
_EUSART1_Write                                          text10       005C2A
_I2C_Master_Init                                        text42       005C58
_I2C_Master_Read                                        text45       005894
_I2C_Master_RepeatedStart                               text44       005CBE
_I2C_Master_Start                                       text49       005CCE
_I2C_Master_Stop                                        text48       005CC6
_I2C_Master_Wait                                        text50       005B9C
_I2C_Master_Write                                       text47       005C92
_INSTRUMENT_Initialize                                  text38       004A56
_INSTRUMENT_Presentation                                text52       004FC4
_INSTRUMENT_Reset                                       text34       004BC4
_INSTRUMENT_Tasks                                       text8        003F8A
_INSTRUMENT_concatenateData                             text13       0048AC
_INSTRUMENT_configurationADQ                            text12       005C80
_INSTRUMENT_disableTimer                                text36       005CEE
_INSTRUMENT_enableADQcommunication                      text41       005CB6
_INSTRUMENT_enableTimer                                 text39       005CF4
_INSTRUMENT_processBluetoothDataReceived                text11       001A38
_INSTRUMENT_sendData                                    text9        0057FE
_INTCON2bits                                            (abs)        000FF1
_INTCONbits                                             (abs)        000FF2
_INTERRUPT_Initialize                                   text6        005CFA
_INTERRUPT_InterruptManager                             intcode      000008
_LATA                                                   (abs)        000F89
_LATAbits                                               (abs)        000F89
_LATB                                                   (abs)        000F8A
_LATBbits                                               (abs)        000F8A
_LATC                                                   (abs)        000F8B
_OSCCON                                                 (abs)        000FD3
_OSCCON2                                                (abs)        000FD2
_OSCILLATOR_Initialize                                  text5        005C6E
_OSCTUNE                                                (abs)        000F9B
_PIE1bits                                               (abs)        000F9D
_PIN_MANAGER_Initialize                                 text4        005B22
_PIR1bits                                               (abs)        000F9E
_PORTCbits                                              (abs)        000F82
_RCONbits                                               (abs)        000FD0
_RCREG1                                                 (abs)        000FAE
_RCSTA1                                                 (abs)        000FAB
_RCSTA1bits                                             (abs)        000FAB
_REFOCON                                                (abs)        000F9A
_SPBRG1                                                 (abs)        000FAF
_SPBRGH1                                                (abs)        000F7D
_SSPADD                                                 (abs)        000FC8
_SSPBUF                                                 (abs)        000FC9
_SSPCON1                                                (abs)        000FC6
_SSPCON2                                                (abs)        000FC5
_SSPCON2bits                                            (abs)        000FC5
_SSPSTAT                                                (abs)        000FC7
_SYSTEM_Initialize                                      text1        005C42
_T1CON                                                  (abs)        000FCD
_T1CONbits                                              (abs)        000FCD
_T1GCON                                                 (abs)        000FAA
_T1GCONbits                                             (abs)        000FAA
_TMR1H                                                  (abs)        000FCF
_TMR1L                                                  (abs)        000FCE
_TMR1_CallBack                                          text56       00226A
_TMR1_DefaultInterruptHandler                           text68       005D06
_TMR1_ISR                                               text54       005AB8
_TMR1_Initialize                                        text2        0059D6
_TMR1_InterruptHandler                                  nvCOMRAM     000035
_TMR1_SetInterruptHandler                               text3        005CAC
_TMR1_StartTimer                                        text40       005D02
_TMR1_StopTimer                                         text37       005CFE
_TMR1_WriteTimer                                        text55       005BC4
_TRISA                                                  (abs)        000F92
_TRISB                                                  (abs)        000F93
_TRISC                                                  (abs)        000F94
_TRISCbits                                              (abs)        000F94
_TXREG1                                                 (abs)        000FAD
_TXSTA1                                                 (abs)        000FAC
_WPUB                                                   (abs)        000F5B
__HRAM                                                  (abs)        000000
__Habs1                                                 abs1         000000
__Hbank0                                                bank0        000000
__Hbank1                                                bank1        000000
__Hbank10                                               bank10       000000
__Hbank11                                               bank11       000000
__Hbank12                                               bank12       000000
__Hbank13                                               bank13       000000
__Hbank14                                               bank14       000000
__Hbank2                                                bank2        000000
__Hbank3                                                bank3        000000
__Hbank4                                                bank4        000000
__Hbank5                                                bank5        000000
__Hbank6                                                bank6        000000
__Hbank7                                                bank7        000000
__Hbank8                                                bank8        000000
__Hbank9                                                bank9        000000
__Hbigbss                                               bigbss       000000
__Hbigdata                                              bigdata      000000
__Hbigram                                               bigram       000000
__Hbss                                                  bss          000000
__HbssBANK0                                             bssBANK0     000000
__HbssBIGRAM                                            bssBIGRAM    000000
__HbssCOMRAM                                            bssCOMRAM    000000
__Hcinit                                                cinit        000000
__Hclrtext                                              clrtext      000000
__Hcomram                                               comram       000000
__Hconfig                                               config       30000E
__Hconst                                                const        000000
__HcstackBANK0                                          cstackBANK0  000000
__HcstackCOMRAM                                         cstackCOMRAM 000000
__Hdata                                                 data         000000
__Heeprom_data                                          eeprom_data  000000
__Hfarbss                                               farbss       000000
__Hfardata                                              fardata      000000
__Hibigdata                                             ibigdata     000000
__Hidata                                                idata        000000
__Hidloc                                                idloc        200008
__Hifardata                                             ifardata     000000
__Hinit                                                 init         0000A8
__Hintcode                                              intcode      0000A4
__Hintcode_body                                         intcode_body 000000
__Hintcodelo                                            intcodelo    0000A4
__Hintentry                                             intentry     000000
__Hintret                                               intret       000000
__Hintsave_regs                                         intsave_regs 000000
__Hirdata                                               irdata       000000
__Hmediumconst                                          mediumconst  000000
__HnvCOMRAM                                             nvCOMRAM     000000
__HnvFARRAM                                             nvFARRAM     000000
__Hnvbit                                                nvbit        000000
__Hnvrram                                               nvrram       000000
__Hparam                                                rparam       000000
__Hpowerup                                              powerup      0000A4
__Hram                                                  ram          000000
__Hramtop                                               ramtop       000F00
__Hrbit                                                 rbit         000000
__Hrbss                                                 rbss         000000
__Hrdata                                                rdata        000000
__Hreset_vec                                            reset_vec    000004
__Hrparam                                               rparam       000000
__Hsfr                                                  sfr          000000
__Hsmallconst                                           smallconst   000FA0
__Hspace_0                                              (abs)        005D08
__Hspace_1                                              (abs)        0001FC
__Hspace_2                                              (abs)        000000
__Hspace_4                                              (abs)        60000E
__Hstack                                                stack        000000
__Hstruct                                               struct       000000
__Htemp                                                 temp         00003D
__Htext                                                 text         000000
__Htext0                                                text0        000000
__Htext1                                                text1        000000
__Htext10                                               text10       000000
__Htext11                                               text11       000000
__Htext12                                               text12       000000
__Htext13                                               text13       000000
__Htext14                                               text14       000000
__Htext15                                               text15       000000
__Htext16                                               text16       000000
__Htext17                                               text17       000000
__Htext18                                               text18       000000
__Htext19                                               text19       000000
__Htext2                                                text2        000000
__Htext20                                               text20       000000
__Htext21                                               text21       000000
__Htext22                                               text22       000000
__Htext23                                               text23       000000
__Htext24                                               text24       000000
__Htext25                                               text25       000000
__Htext26                                               text26       000000
__Htext27                                               text27       000000
__Htext28                                               text28       000000
__Htext29                                               text29       000000
__Htext3                                                text3        000000
__Htext30                                               text30       000000
__Htext31                                               text31       000000
__Htext32                                               text32       000000
__Htext33                                               text33       000000
__Htext34                                               text34       000000
__Htext35                                               text35       000000
__Htext36                                               text36       000000
__Htext37                                               text37       000000
__Htext38                                               text38       000000
__Htext39                                               text39       000000
__Htext4                                                text4        000000
__Htext40                                               text40       000000
__Htext41                                               text41       000000
__Htext42                                               text42       000000
__Htext43                                               text43       000000
__Htext44                                               text44       000000
__Htext45                                               text45       000000
__Htext46                                               text46       000000
__Htext47                                               text47       000000
__Htext48                                               text48       000000
__Htext49                                               text49       000000
__Htext5                                                text5        000000
__Htext50                                               text50       000000
__Htext51                                               text51       000000
__Htext52                                               text52       000000
__Htext54                                               text54       000000
__Htext55                                               text55       000000
__Htext56                                               text56       000000
__Htext57                                               text57       000000
__Htext58                                               text58       000000
__Htext59                                               text59       000000
__Htext6                                                text6        000000
__Htext60                                               text60       000000
__Htext61                                               text61       000000
__Htext62                                               text62       000000
__Htext63                                               text63       000000
__Htext64                                               text64       000000
__Htext65                                               text65       000000
__Htext66                                               text66       000000
__Htext67                                               text67       000000
__Htext68                                               text68       000000
__Htext69                                               text69       000000
__Htext7                                                text7        000000
__Htext70                                               text70       000000
__Htext8                                                text8        000000
__Htext9                                                text9        000000
__LRAM                                                  (abs)        000001
__Labs1                                                 abs1         000000
__Lbank0                                                bank0        000000
__Lbank1                                                bank1        000000
__Lbank10                                               bank10       000000
__Lbank11                                               bank11       000000
__Lbank12                                               bank12       000000
__Lbank13                                               bank13       000000
__Lbank14                                               bank14       000000
__Lbank2                                                bank2        000000
__Lbank3                                                bank3        000000
__Lbank4                                                bank4        000000
__Lbank5                                                bank5        000000
__Lbank6                                                bank6        000000
__Lbank7                                                bank7        000000
__Lbank8                                                bank8        000000
__Lbank9                                                bank9        000000
__Lbigbss                                               bigbss       000000
__Lbigdata                                              bigdata      000000
__Lbigram                                               bigram       000000
__Lbss                                                  bss          000000
__LbssBANK0                                             bssBANK0     000000
__LbssBIGRAM                                            bssBIGRAM    000000
__LbssCOMRAM                                            bssCOMRAM    000000
__Lcinit                                                cinit        000000
__Lclrtext                                              clrtext      000000
__Lcomram                                               comram       000000
__Lconfig                                               config       000000
__Lconst                                                const        000000
__LcstackBANK0                                          cstackBANK0  000000
__LcstackCOMRAM                                         cstackCOMRAM 000000
__Ldata                                                 data         000000
__Leeprom_data                                          eeprom_data  000000
__Lfarbss                                               farbss       000000
__Lfardata                                              fardata      000000
__Libigdata                                             ibigdata     000000
__Lidata                                                idata        000000
__Lidloc                                                idloc        000000
__Lifardata                                             ifardata     000000
__Linit                                                 init         0000A4
__Lintcode                                              intcode      000008
__Lintcode_body                                         intcode_body 000000
__Lintcodelo                                            intcodelo    0000A4
__Lintentry                                             intentry     000000
__Lintret                                               intret       000000
__Lintsave_regs                                         intsave_regs 000000
__Lirdata                                               irdata       000000
__Lmediumconst                                          mediumconst  000000
__LnvCOMRAM                                             nvCOMRAM     000000
__LnvFARRAM                                             nvFARRAM     000000
__Lnvbit                                                nvbit        000000
__Lnvrram                                               nvrram       000000
__Lparam                                                rparam       000000
__Lpowerup                                              powerup      0000A4
__Lram                                                  ram          000000
__Lramtop                                               ramtop       000F00
__Lrbit                                                 rbit         000000
__Lrbss                                                 rbss         000000
__Lrdata                                                rdata        000000
__Lreset_vec                                            reset_vec    000000
__Lrparam                                               rparam       000000
__Lsfr                                                  sfr          000000
__Lsmallconst                                           smallconst   000F00
__Lspace_0                                              (abs)        000000
__Lspace_1                                              (abs)        000000
__Lspace_2                                              (abs)        000000
__Lspace_4                                              (abs)        000000
__Lstack                                                stack        000000
__Lstruct                                               struct       000000
__Ltemp                                                 temp         00003C
__Ltext                                                 text         000000
__Ltext0                                                text0        000000
__Ltext1                                                text1        000000
__Ltext10                                               text10       000000
__Ltext11                                               text11       000000
__Ltext12                                               text12       000000
__Ltext13                                               text13       000000
__Ltext14                                               text14       000000
__Ltext15                                               text15       000000
__Ltext16                                               text16       000000
__Ltext17                                               text17       000000
__Ltext18                                               text18       000000
__Ltext19                                               text19       000000
__Ltext2                                                text2        000000
__Ltext20                                               text20       000000
__Ltext21                                               text21       000000
__Ltext22                                               text22       000000
__Ltext23                                               text23       000000
__Ltext24                                               text24       000000
__Ltext25                                               text25       000000
__Ltext26                                               text26       000000
__Ltext27                                               text27       000000
__Ltext28                                               text28       000000
__Ltext29                                               text29       000000
__Ltext3                                                text3        000000
__Ltext30                                               text30       000000
__Ltext31                                               text31       000000
__Ltext32                                               text32       000000
__Ltext33                                               text33       000000
__Ltext34                                               text34       000000
__Ltext35                                               text35       000000
__Ltext36                                               text36       000000
__Ltext37                                               text37       000000
__Ltext38                                               text38       000000
__Ltext39                                               text39       000000
__Ltext4                                                text4        000000
__Ltext40                                               text40       000000
__Ltext41                                               text41       000000
__Ltext42                                               text42       000000
__Ltext43                                               text43       000000
__Ltext44                                               text44       000000
__Ltext45                                               text45       000000
__Ltext46                                               text46       000000
__Ltext47                                               text47       000000
__Ltext48                                               text48       000000
__Ltext49                                               text49       000000
__Ltext5                                                text5        000000
__Ltext50                                               text50       000000
__Ltext51                                               text51       000000
__Ltext52                                               text52       000000
__Ltext54                                               text54       000000
__Ltext55                                               text55       000000
__Ltext56                                               text56       000000
__Ltext57                                               text57       000000
__Ltext58                                               text58       000000
__Ltext59                                               text59       000000
__Ltext6                                                text6        000000
__Ltext60                                               text60       000000
__Ltext61                                               text61       000000
__Ltext62                                               text62       000000
__Ltext63                                               text63       000000
__Ltext64                                               text64       000000
__Ltext65                                               text65       000000
__Ltext66                                               text66       000000
__Ltext67                                               text67       000000
__Ltext68                                               text68       000000
__Ltext69                                               text69       000000
__Ltext7                                                text7        000000
__Ltext70                                               text70       000000
__Ltext8                                                text8        000000
__Ltext9                                                text9        000000
__S0                                                    (abs)        005D08
__S1                                                    (abs)        0001FC
__S2                                                    (abs)        000000
__S4                                                    (abs)        000000
__S5                                                    (abs)        000000
___awdiv                                                text17       005304
___awdiv@counter                                        cstackBANK0  00006A
___awdiv@dividend                                       cstackBANK0  000066
___awdiv@divisor                                        cstackBANK0  000068
___awdiv@quotient                                       cstackBANK0  00006C
___awdiv@sign                                           cstackBANK0  00006B
___awmod                                                text16       0053CA
___awmod@counter                                        cstackBANK0  000064
___awmod@dividend                                       cstackBANK0  000060
___awmod@divisor                                        cstackBANK0  000062
___awmod@sign                                           cstackBANK0  000065
___fladd                                                text30       00298A
___fladd@a                                              cstackBANK0  000098
___fladd@aexp                                           cstackBANK0  0000A1
___fladd@b                                              cstackBANK0  000094
___fladd@bexp                                           cstackBANK0  0000A2
___fladd@grs                                            cstackBANK0  0000A3
___fladd@signs                                          cstackBANK0  0000A0
___fleq                                                 text33       00547C
___fleq@ff1                                             cstackBANK0  000060
___fleq@ff2                                             cstackBANK0  000064
___flge                                                 text32       0051FE
___flge@ff1                                             cstackBANK0  000060
___flge@ff2                                             cstackBANK0  000064
___flmul                                                text22       00330C
___flmul@a                                              cstackBANK0  000072
___flmul@aexp                                           cstackBANK0  00007F
___flmul@b                                              cstackBANK0  00006E
___flmul@bexp                                           cstackBANK0  000080
___flmul@grs                                            cstackBANK0  00007B
___flmul@prod                                           cstackBANK0  000081
___flmul@sign                                           cstackBANK0  00007A
___flmul@temp                                           cstackBANK0  000085
___flneg                                                text31       005A10
___flneg@f1                                             cstackBANK0  000060
___flsub                                                text29       00584C
___flsub@a                                              cstackBANK0  0000A8
___flsub@b                                              cstackBANK0  0000A4
___fltol                                                text28       0050F6
___fltol@exp1                                           cstackBANK0  000099
___fltol@f1                                             cstackBANK0  000090
___fltol@sign1                                          cstackBANK0  000098
___inthi_sp                                             stack        000000
___intlo_sp                                             stack        000000
___lldiv                                                text27       005528
___lldiv@counter                                        cstackBANK0  00006C
___lldiv@dividend                                       cstackBANK0  000060
___lldiv@divisor                                        cstackBANK0  000064
___lldiv@quotient                                       cstackBANK0  000068
___llmod                                                text26       0055CE
___llmod@counter                                        cstackBANK0  000075
___llmod@dividend                                       cstackBANK0  00006D
___llmod@divisor                                        cstackBANK0  000071
___lwdiv                                                text21       005658
___lwdiv@counter                                        cstackBANK0  00006B
___lwdiv@dividend                                       cstackBANK0  000065
___lwdiv@divisor                                        cstackBANK0  000067
___lwdiv@quotient                                       cstackBANK0  000069
___lwmod                                                text20       005738
___lwmod@counter                                        cstackBANK0  000064
___lwmod@dividend                                       cstackBANK0  000060
___lwmod@divisor                                        cstackBANK0  000062
___param_bank                                           (abs)        000000
___rparam_used                                          (abs)        000001
___sp                                                   stack        000000
___wmul                                                 text35       005B74
___wmul@multiplicand                                    cstackBANK0  000062
___wmul@multiplier                                      cstackBANK0  000060
___wmul@product                                         cstackBANK0  000064
___xxtofl                                               text25       004540
___xxtofl@arg                                           cstackBANK0  00006A
___xxtofl@exp                                           cstackBANK0  000069
___xxtofl@sign                                          cstackBANK0  000068
___xxtofl@val                                           cstackBANK0  000060
__accesstop                                             (abs)        000060
__activetblptr                                          (abs)        000002
__div_to_l_                                             text24       004E76
__div_to_l_@cntr                                        cstackBANK0  00006C
__div_to_l_@exp1                                        cstackBANK0  00006D
__div_to_l_@f1                                          cstackBANK0  000060
__div_to_l_@f2                                          cstackBANK0  000064
__div_to_l_@quot                                        cstackBANK0  000068
__end_of_ADS1115_config                                 text46       00595A
__end_of_ADS1115_read                                   text43       005738
__end_of_EUSART1_Initialize                             text7        005B74
__end_of_EUSART1_Read                                   text51       00591A
__end_of_EUSART1_Receive_ISR                            text69       0059D6
__end_of_EUSART1_Write                                  text10       005C42
__end_of_I2C_Master_Init                                text42       005C6E
__end_of_I2C_Master_Read                                text45       0058D8
__end_of_I2C_Master_RepeatedStart                       text44       005CC6
__end_of_I2C_Master_Start                               text49       005CD6
__end_of_I2C_Master_Stop                                text48       005CCE
__end_of_I2C_Master_Wait                                text50       005BC4
__end_of_I2C_Master_Write                               text47       005CA0
__end_of_INSTRUMENT_Initialize                          text38       004BC4
__end_of_INSTRUMENT_Presentation                        text52       0050F6
__end_of_INSTRUMENT_Reset                               text34       004D1E
__end_of_INSTRUMENT_Tasks                               text8        00428A
__end_of_INSTRUMENT_concatenateData                     text13       004A56
__end_of_INSTRUMENT_configurationADQ                    text12       005C92
__end_of_INSTRUMENT_disableTimer                        text36       005CF4
__end_of_INSTRUMENT_enableADQcommunication              text41       005CBE
__end_of_INSTRUMENT_enableTimer                         text39       005CFA
__end_of_INSTRUMENT_processBluetoothDataReceived        text11       00226A
__end_of_INSTRUMENT_sendData                            text9        00584C
__end_of_INTERRUPT_Initialize                           text6        005CFE
__end_of_INTERRUPT_InterruptManager                     intcode      0000A4
__end_of_OSCILLATOR_Initialize                          text5        005C80
__end_of_PIN_MANAGER_Initialize                         text4        005B4C
__end_of_SYSTEM_Initialize                              text1        005C58
__end_of_TMR1_CallBack                                  text56       00298A
__end_of_TMR1_DefaultInterruptHandler                   text68       005D08
__end_of_TMR1_ISR                                       text54       005AEE
__end_of_TMR1_Initialize                                text2        005A10
__end_of_TMR1_SetInterruptHandler                       text3        005CB6
__end_of_TMR1_StartTimer                                text40       005D06
__end_of_TMR1_StopTimer                                 text37       005D02
__end_of_TMR1_WriteTimer                                text55       005BEC
__end_of___awdiv                                        text17       0053CA
__end_of___awmod                                        text16       00547C
__end_of___fladd                                        text30       002E4C
__end_of___fleq                                         text33       005528
__end_of___flge                                         text32       005304
__end_of___flmul                                        text22       003738
__end_of___flneg                                        text31       005A4A
__end_of___flsub                                        text29       005894
__end_of___fltol                                        text28       0051FE
__end_of___lldiv                                        text27       0055CE
__end_of___llmod                                        text26       005658
__end_of___lwdiv                                        text21       0056CE
__end_of___lwmod                                        text20       00579E
__end_of___wmul                                         text35       005B9C
__end_of___xxtofl                                       text25       0046F8
__end_of__div_to_l_                                     text24       004FC4
__end_of__initialization                                cinit        005B14
__end_of__npowers_                                      smallconst   000F69
__end_of__powers_                                       smallconst   000F35
__end_of__tdiv_to_l_                                    text23       004E76
__end_of_dpowers                                        smallconst   000F91
__end_of_fround                                         text19       004540
__end_of_isdigit                                        text18       005AB8
__end_of_main                                           text0        005C2A
__end_of_scale                                          text15       003F8A
__end_of_sprintf                                        text14       001A38
__end_ofi2_ADS1115_config                               text63       005A82
__end_ofi2_ADS1115_read                                 text60       0057FE
__end_ofi2_I2C_Master_Read                              text62       005998
__end_ofi2_I2C_Master_RepeatedStart                     text61       005CDE
__end_ofi2_I2C_Master_Start                             text66       005CEE
__end_ofi2_I2C_Master_Stop                              text65       005CE6
__end_ofi2_I2C_Master_Wait                              text67       005C12
__end_ofi2_I2C_Master_Write                             text64       005CAC
__end_ofi2___fladd                                      text59       00330C
__end_ofi2___flmul                                      text58       003B62
__end_ofi2___xxtofl                                     text57       0048AC
__initialization                                        cinit        005AEE
__mediumconst                                           mediumconst  000000
__npowers_                                              smallconst   000F35
__pbssBANK0                                             bssBANK0     0000DD
__pbssBIGRAM                                            bssBIGRAM    0000FA
__pbssCOMRAM                                            bssCOMRAM    000039
__pcinit                                                cinit        005AEE
__pcstackBANK0                                          cstackBANK0  000060
__pcstackCOMRAM                                         cstackCOMRAM 000001
__pintcode                                              intcode      000008
__pnvCOMRAM                                             nvCOMRAM     000035
__powers_                                               smallconst   000F01
__psmallconst                                           smallconst   000F00
__ptext0                                                text0        005C12
__ptext1                                                text1        005C42
__ptext10                                               text10       005C2A
__ptext11                                               text11       001A38
__ptext12                                               text12       005C80
__ptext13                                               text13       0048AC
__ptext14                                               text14       000FA0
__ptext15                                               text15       003B62
__ptext16                                               text16       0053CA
__ptext17                                               text17       005304
__ptext18                                               text18       005A82
__ptext19                                               text19       00428A
__ptext2                                                text2        0059D6
__ptext20                                               text20       005738
__ptext21                                               text21       005658
__ptext22                                               text22       00330C
__ptext23                                               text23       004D1E
__ptext24                                               text24       004E76
__ptext25                                               text25       004540
__ptext26                                               text26       0055CE
__ptext27                                               text27       005528
__ptext28                                               text28       0050F6
__ptext29                                               text29       00584C
__ptext3                                                text3        005CAC
__ptext30                                               text30       00298A
__ptext31                                               text31       005A10
__ptext32                                               text32       0051FE
__ptext33                                               text33       00547C
__ptext34                                               text34       004BC4
__ptext35                                               text35       005B74
__ptext36                                               text36       005CEE
__ptext37                                               text37       005CFE
__ptext38                                               text38       004A56
__ptext39                                               text39       005CF4
__ptext4                                                text4        005B22
__ptext40                                               text40       005D02
__ptext41                                               text41       005CB6
__ptext42                                               text42       005C58
__ptext43                                               text43       0056CE
__ptext44                                               text44       005CBE
__ptext45                                               text45       005894
__ptext46                                               text46       00591A
__ptext47                                               text47       005C92
__ptext48                                               text48       005CC6
__ptext49                                               text49       005CCE
__ptext5                                                text5        005C6E
__ptext50                                               text50       005B9C
__ptext51                                               text51       0058D8
__ptext52                                               text52       004FC4
__ptext54                                               text54       005AB8
__ptext55                                               text55       005BC4
__ptext56                                               text56       00226A
__ptext57                                               text57       0046F8
__ptext58                                               text58       003738
__ptext59                                               text59       002E4C
__ptext6                                                text6        005CFA
__ptext60                                               text60       00579E
__ptext61                                               text61       005CD6
__ptext62                                               text62       00595A
__ptext63                                               text63       005A4A
__ptext64                                               text64       005CA0
__ptext65                                               text65       005CDE
__ptext66                                               text66       005CE6
__ptext67                                               text67       005BEC
__ptext68                                               text68       005D06
__ptext69                                               text69       005998
__ptext7                                                text7        005B4C
__ptext70                                               text70       000000
__ptext8                                                text8        003F8A
__ptext9                                                text9        0057FE
__ramtop                                                ramtop       000F00
__size_of_ADS1115_config                                (abs)        000000
__size_of_ADS1115_read                                  (abs)        000000
__size_of_EUSART1_Initialize                            (abs)        000000
__size_of_EUSART1_Read                                  (abs)        000000
__size_of_EUSART1_Receive_ISR                           (abs)        000000
__size_of_EUSART1_Write                                 (abs)        000000
__size_of_I2C_Master_Init                               (abs)        000000
__size_of_I2C_Master_Read                               (abs)        000000
__size_of_I2C_Master_RepeatedStart                      (abs)        000000
__size_of_I2C_Master_Start                              (abs)        000000
__size_of_I2C_Master_Stop                               (abs)        000000
__size_of_I2C_Master_Wait                               (abs)        000000
__size_of_I2C_Master_Write                              (abs)        000000
__size_of_INSTRUMENT_Initialize                         (abs)        000000
__size_of_INSTRUMENT_Presentation                       (abs)        000000
__size_of_INSTRUMENT_Reset                              (abs)        000000
__size_of_INSTRUMENT_Tasks                              (abs)        000000
__size_of_INSTRUMENT_concatenateData                    (abs)        000000
__size_of_INSTRUMENT_configurationADQ                   (abs)        000000
__size_of_INSTRUMENT_disableTimer                       (abs)        000000
__size_of_INSTRUMENT_enableADQcommunication             (abs)        000000
__size_of_INSTRUMENT_enableTimer                        (abs)        000000
__size_of_INSTRUMENT_processBluetoothDataReceived       (abs)        000000
__size_of_INSTRUMENT_sendData                           (abs)        000000
__size_of_INTERRUPT_Initialize                          (abs)        000000
__size_of_INTERRUPT_InterruptManager                    (abs)        000000
__size_of_OSCILLATOR_Initialize                         (abs)        000000
__size_of_PIN_MANAGER_Initialize                        (abs)        000000
__size_of_SYSTEM_Initialize                             (abs)        000000
__size_of_TMR1_CallBack                                 (abs)        000000
__size_of_TMR1_DefaultInterruptHandler                  (abs)        000000
__size_of_TMR1_ISR                                      (abs)        000000
__size_of_TMR1_Initialize                               (abs)        000000
__size_of_TMR1_SetInterruptHandler                      (abs)        000000
__size_of_TMR1_StartTimer                               (abs)        000000
__size_of_TMR1_StopTimer                                (abs)        000000
__size_of_TMR1_WriteTimer                               (abs)        000000
__size_of___awdiv                                       (abs)        000000
__size_of___awmod                                       (abs)        000000
__size_of___fladd                                       (abs)        000000
__size_of___fleq                                        (abs)        000000
__size_of___flge                                        (abs)        000000
__size_of___flmul                                       (abs)        000000
__size_of___flneg                                       (abs)        000000
__size_of___flsub                                       (abs)        000000
__size_of___fltol                                       (abs)        000000
__size_of___lldiv                                       (abs)        000000
__size_of___llmod                                       (abs)        000000
__size_of___lwdiv                                       (abs)        000000
__size_of___lwmod                                       (abs)        000000
__size_of___wmul                                        (abs)        000000
__size_of___xxtofl                                      (abs)        000000
__size_of__div_to_l_                                    (abs)        000000
__size_of__tdiv_to_l_                                   (abs)        000000
__size_of_fround                                        (abs)        000000
__size_of_isdigit                                       (abs)        000000
__size_of_main                                          (abs)        000000
__size_of_scale                                         (abs)        000000
__size_of_sprintf                                       (abs)        000000
__size_ofi2_ADS1115_config                              (abs)        000000
__size_ofi2_ADS1115_read                                (abs)        000000
__size_ofi2_I2C_Master_Read                             (abs)        000000
__size_ofi2_I2C_Master_RepeatedStart                    (abs)        000000
__size_ofi2_I2C_Master_Start                            (abs)        000000
__size_ofi2_I2C_Master_Stop                             (abs)        000000
__size_ofi2_I2C_Master_Wait                             (abs)        000000
__size_ofi2_I2C_Master_Write                            (abs)        000000
__size_ofi2___fladd                                     (abs)        000000
__size_ofi2___flmul                                     (abs)        000000
__size_ofi2___xxtofl                                    (abs)        000000
__smallconst                                            smallconst   000F00
__tdiv_to_l_                                            text23       004D1E
__tdiv_to_l_@cntr                                       cstackBANK0  00006F
__tdiv_to_l_@exp1                                       cstackBANK0  000070
__tdiv_to_l_@f1                                         cstackBANK0  000060
__tdiv_to_l_@f2                                         cstackBANK0  000064
__tdiv_to_l_@quot                                       cstackBANK0  00006B
_dpowers                                                smallconst   000F69
_eusart1RxBuffer                                        bssBANK0     0000DD
_eusart1RxCount                                         bssBANK0     0000F8
_eusart1RxHead                                          bssCOMRAM    00003B
_eusart1RxTail                                          bssBANK0     0000F9
_fround                                                 text19       00428A
_fround$2030                                            cstackBANK0  00008F
_fround$2031                                            cstackBANK0  00008B
_isdigit                                                text18       005A82
_isdigit$1791                                           cstackBANK0  000061
_main                                                   text0        005C12
_scale                                                  text15       003B62
_scale$2032                                             cstackBANK0  00008B
_sprintf                                                text14       000FA0
_sprintf$2033                                           cstackBANK0  0000BE
_timer1ReloadVal                                        nvCOMRAM     000037
btemp                                                   temp         00003C
end_of_initialization                                   cinit        005B14
fround@prec                                             cstackBANK0  000093
i2ADS1115_config@address                                cstackCOMRAM 000004
i2ADS1115_config@channel                                cstackCOMRAM 000003
i2ADS1115_read@address                                  cstackCOMRAM 00000D
i2ADS1115_read@data                                     cstackCOMRAM 000009
i2ADS1115_read@datah                                    cstackCOMRAM 00000B
i2ADS1115_read@datal                                    cstackCOMRAM 00000C
i2I2C_Master_Read@a                                     cstackCOMRAM 000003
i2I2C_Master_Read@temp                                  cstackCOMRAM 000004
i2I2C_Master_Write@d                                    cstackCOMRAM 000002
i2_ADS1115_config                                       text63       005A4A
i2_ADS1115_read                                         text60       00579E
i2_I2C_Master_Read                                      text62       00595A
i2_I2C_Master_RepeatedStart                             text61       005CD6
i2_I2C_Master_Start                                     text66       005CE6
i2_I2C_Master_Stop                                      text65       005CDE
i2_I2C_Master_Wait                                      text67       005BEC
i2_I2C_Master_Write                                     text64       005CA0
i2___fladd                                              text59       002E4C
i2___fladd@a                                            cstackCOMRAM 000005
i2___fladd@aexp                                         cstackCOMRAM 00000E
i2___fladd@b                                            cstackCOMRAM 000001
i2___fladd@bexp                                         cstackCOMRAM 00000F
i2___fladd@grs                                          cstackCOMRAM 000010
i2___fladd@signs                                        cstackCOMRAM 00000D
i2___flmul                                              text58       003738
i2___flmul@a                                            cstackCOMRAM 000013
i2___flmul@aexp                                         cstackCOMRAM 000020
i2___flmul@b                                            cstackCOMRAM 00000F
i2___flmul@bexp                                         cstackCOMRAM 000021
i2___flmul@grs                                          cstackCOMRAM 00001C
i2___flmul@prod                                         cstackCOMRAM 000022
i2___flmul@sign                                         cstackCOMRAM 00001B
i2___flmul@temp                                         cstackCOMRAM 000026
i2___xxtofl                                             text57       0046F8
i2___xxtofl@arg                                         cstackCOMRAM 00000B
i2___xxtofl@exp                                         cstackCOMRAM 00000A
i2___xxtofl@sign                                        cstackCOMRAM 000009
i2___xxtofl@val                                         cstackCOMRAM 000001
int$flags                                               temp         00003C
intlevel0                                               text         000000
intlevel1                                               text         000000
intlevel2                                               text         000000
intlevel3                                               text         000000
isa$std                                                 (abs)        000001
isa$xinst                                               (abs)        000000
isdigit@c                                               cstackBANK0  000062
scale@scl                                               cstackBANK0  00008F
sprintf@ap                                              cstackBANK0  0000C2
sprintf@c                                               cstackBANK0  0000D8
sprintf@ccnt                                            cstackBANK0  0000C4
sprintf@eexp                                            cstackBANK0  0000C8
sprintf@f                                               cstackBANK0  0000AE
sprintf@flag                                            cstackBANK0  0000C6
sprintf@fval                                            cstackBANK0  0000D2
sprintf@prec                                            cstackBANK0  0000D6
sprintf@sp                                              cstackBANK0  0000AC
sprintf@tmpval                                          cstackBANK0  0000CA
sprintf@val                                             cstackBANK0  0000CE
stackhi                                                 (abs)        000E40
stacklo                                                 (abs)        0001FC
start                                                   init         0000A4
start_initialization                                    cinit        005AEE
ttemp5                                                  temp         00003D
ttemp6                                                  temp         000040
ttemp7                                                  temp         000044
wtemp8                                                  temp         00003D


MODULE INFORMATION

Module		Function		Class		Link	Load	Size
C:\Program Files\Microchip\xc8\v2.32\pic\sources\c90\common\isdigit.c
		_isdigit       		CODE           	5A82	0000	54

C:\Program Files\Microchip\xc8\v2.32\pic\sources\c90\common\isdigit.c estimated size: 54

C:\Program Files\Microchip\xc8\v2.32\pic\sources\c90\common\sprcadd.c
		___flsub       		CODE           	584C	0000	72
		___fladd       		CODE           	298A	0000	1218

C:\Program Files\Microchip\xc8\v2.32\pic\sources\c90\common\sprcadd.c estimated size: 1290

C:\Program Files\Microchip\xc8\v2.32\pic\sources\c90\common\flge.c
		___flge        		CODE           	51FE	0000	262

C:\Program Files\Microchip\xc8\v2.32\pic\sources\c90\common\flge.c estimated size: 262

C:\Program Files\Microchip\xc8\v2.32\pic\sources\c90\common\fldivl.c
		__div_to_l_    		CODE           	4E76	0000	334

C:\Program Files\Microchip\xc8\v2.32\pic\sources\c90\common\fldivl.c estimated size: 334

mcc_generated_files/interrupt_manager.c
		_INTERRUPT_Initialize		CODE           	5CFA	0000	4
		_INTERRUPT_InterruptManager		CODE           	0008	0000	156

mcc_generated_files/interrupt_manager.c estimated size: 160

C:\Program Files\Microchip\xc8\v2.32\pic\sources\c90\common\flneg.c
		___flneg       		CODE           	5A10	0000	58

C:\Program Files\Microchip\xc8\v2.32\pic\sources\c90\common\flneg.c estimated size: 58

C:\Program Files\Microchip\xc8\v2.32\pic\sources\c90\common\xxtofl.c
		___xxtofl      		CODE           	4540	0000	440

C:\Program Files\Microchip\xc8\v2.32\pic\sources\c90\common\xxtofl.c estimated size: 440

mcc_generated_files/pin_manager.c
		_PIN_MANAGER_Initialize		CODE           	5B22	0000	42

mcc_generated_files/pin_manager.c estimated size: 42

instrument.c
		_INSTRUMENT_configurationADQ		CODE           	5C80	0000	18
		_INSTRUMENT_enableTimer		CODE           	5CF4	0000	6
		_INSTRUMENT_sendData		CODE           	57FE	0000	78
		_INSTRUMENT_Presentation		CODE           	4FC4	0000	306
		_INSTRUMENT_Initialize		CODE           	4A56	0000	366
		_INSTRUMENT_disableTimer		CODE           	5CEE	0000	6
		_INSTRUMENT_processBluetoothDataReceived		CODE           	1A38	0000	2098
		_INSTRUMENT_enableADQcommunication		CODE           	5CB6	0000	8
		_INSTRUMENT_concatenateData		CODE           	48AC	0000	426
		_INSTRUMENT_Reset		CODE           	4BC4	0000	346
		_INSTRUMENT_Tasks		CODE           	3F8A	0000	768

instrument.c estimated size: 4426

C:\Program Files\Microchip\xc8\v2.32\pic\sources\c90\common\lwmod.c
		___lwmod       		CODE           	5738	0000	102

C:\Program Files\Microchip\xc8\v2.32\pic\sources\c90\common\lwmod.c estimated size: 102

C:\Program Files\Microchip\xc8\v2.32\pic\sources\c90\common\awmod.c
		___awmod       		CODE           	53CA	0000	178

C:\Program Files\Microchip\xc8\v2.32\pic\sources\c90\common\awmod.c estimated size: 178

C:\Program Files\Microchip\xc8\v2.32\pic\sources\c90\common\llmod.c
		___llmod       		CODE           	55CE	0000	138

C:\Program Files\Microchip\xc8\v2.32\pic\sources\c90\common\llmod.c estimated size: 138

shared
		i2_I2C_Master_Start		CODE           	5CE6	0000	8
		__powers_      		SMALLCONST     	0F01	0000	52
		_dpowers       		SMALLCONST     	0F69	0000	40
		i2_ADS1115_config		CODE           	5A4A	0000	56
		i2___fladd     		CODE           	2E4C	0000	1216
		i2_I2C_Master_Read		CODE           	595A	0000	62
		i2_ADS1115_read		CODE           	579E	0000	96
		__npowers_     		SMALLCONST     	0F35	0000	52
		__initialization		CODE           	5AEE	0000	38
		i2_I2C_Master_Wait		CODE           	5BEC	0000	38
		i2___flmul     		CODE           	3738	0000	1066
		i2_I2C_Master_Stop		CODE           	5CDE	0000	8
		i2___xxtofl    		CODE           	46F8	0000	436
		i2_I2C_Master_RepeatedStart		CODE           	5CD6	0000	8
		i2_I2C_Master_Write		CODE           	5CA0	0000	12

shared estimated size: 3188

mcc_generated_files/eusart1.c
		_EUSART1_Initialize		CODE           	5B4C	0000	40
		_EUSART1_Read  		CODE           	58D8	0000	66
		_EUSART1_Write 		CODE           	5C2A	0000	24
		_EUSART1_Receive_ISR		CODE           	5998	0000	62

mcc_generated_files/eusart1.c estimated size: 192

C:\Program Files\Microchip\xc8\v2.32\pic\sources\c90\common\fleq.c
		___fleq        		CODE           	547C	0000	172

C:\Program Files\Microchip\xc8\v2.32\pic\sources\c90\common\fleq.c estimated size: 172

mcc_generated_files/mcc.c
		_OSCILLATOR_Initialize		CODE           	5C6E	0000	18
		_SYSTEM_Initialize		CODE           	5C42	0000	22

mcc_generated_files/mcc.c estimated size: 40

C:\Program Files\Microchip\xc8\v2.32\pic\sources\c90\common\sprcmul.c
		___flmul       		CODE           	330C	0000	1068

C:\Program Files\Microchip\xc8\v2.32\pic\sources\c90\common\sprcmul.c estimated size: 1068

mcc_generated_files/tmr1.c
		_TMR1_Initialize		CODE           	59D6	0000	58
		_TMR1_SetInterruptHandler		CODE           	5CAC	0000	10
		_TMR1_StopTimer		CODE           	5CFE	0000	4
		_TMR1_DefaultInterruptHandler		CODE           	5D06	0000	2
		_TMR1_CallBack 		CODE           	226A	0000	1824
		_TMR1_WriteTimer		CODE           	5BC4	0000	40
		_TMR1_StartTimer		CODE           	5D02	0000	4
		_TMR1_ISR      		CODE           	5AB8	0000	54

mcc_generated_files/tmr1.c estimated size: 1996

C:\Program Files\Microchip\xc8\v2.32\pic\sources\c90\common\doprnt.c
		_scale         		CODE           	3B62	0000	1064
		_sprintf       		CODE           	0FA0	0000	2712
		_fround        		CODE           	428A	0000	694

C:\Program Files\Microchip\xc8\v2.32\pic\sources\c90\common\doprnt.c estimated size: 4470

ads1115.c
		_ADS1115_config		CODE           	591A	0000	64
		_I2C_Master_Read		CODE           	5894	0000	68
		_I2C_Master_Wait		CODE           	5B9C	0000	40
		_I2C_Master_Init		CODE           	5C58	0000	22
		_I2C_Master_Stop		CODE           	5CC6	0000	8
		_I2C_Master_RepeatedStart		CODE           	5CBE	0000	8
		_ADS1115_read  		CODE           	56CE	0000	106
		_I2C_Master_Write		CODE           	5C92	0000	14
		_I2C_Master_Start		CODE           	5CCE	0000	8

ads1115.c estimated size: 338

C:\Program Files\Microchip\xc8\v2.32\pic\sources\c90\common\ftdivl.c
		__tdiv_to_l_   		CODE           	4D1E	0000	344

C:\Program Files\Microchip\xc8\v2.32\pic\sources\c90\common\ftdivl.c estimated size: 344

C:\Program Files\Microchip\xc8\v2.32\pic\sources\c90\common\lwdiv.c
		___lwdiv       		CODE           	5658	0000	118

C:\Program Files\Microchip\xc8\v2.32\pic\sources\c90\common\lwdiv.c estimated size: 118

C:\Program Files\Microchip\xc8\v2.32\pic\sources\c90\common\awdiv.c
		___awdiv       		CODE           	5304	0000	198

C:\Program Files\Microchip\xc8\v2.32\pic\sources\c90\common\awdiv.c estimated size: 198

C:\Program Files\Microchip\xc8\v2.32\pic\sources\c90\common\Umul16.c
		___wmul        		CODE           	5B74	0000	40

C:\Program Files\Microchip\xc8\v2.32\pic\sources\c90\common\Umul16.c estimated size: 40

main.c
		_main          		CODE           	5C12	0000	24

main.c estimated size: 24

C:\Program Files\Microchip\xc8\v2.32\pic\sources\c90\common\fltol.c
		___fltol       		CODE           	50F6	0000	264

C:\Program Files\Microchip\xc8\v2.32\pic\sources\c90\common\fltol.c estimated size: 264

C:\Program Files\Microchip\xc8\v2.32\pic\sources\c90\common\__lldiv.c
		___lldiv       		CODE           	5528	0000	166

C:\Program Files\Microchip\xc8\v2.32\pic\sources\c90\common\__lldiv.c estimated size: 166

